Created the tree successfully using /mnt/d/Universidad/recursos/taurus api/test/2025-05-21_12-00-00.533063/modified_requests.jmx
Starting standalone test @ 2025 May 21 12:00:07 ART (1747839607903)
Waiting for possible Shutdown/StopTestNow/HeapDump/ThreadDump message on port 4445
Tidying up ...    @ 2025 May 21 12:01:08 ART (1747839668929)
... end of run
