Created the tree successfully using /mnt/d/Universidad/recursos/taurus api/test/2025-05-21_12-06-29.579074/modified_requests.jmx
Starting standalone test @ 2025 May 21 12:06:38 ART (1747839998348)
Waiting for possible Shutdown/StopTestNow/HeapDump/ThreadDump message on port 4445
Tidying up ...    @ 2025 May 21 12:07:38 ART (1747840058843)
... end of run
