Created the tree successfully using /mnt/d/Universidad/recursos/taurus api/test/2025-05-21_11-48-28.050794/modified_requests.jmx
Starting standalone test @ 2025 May 21 11:48:36 ART (1747838916101)
Waiting for possible Shutdown/StopTestNow/HeapDump/ThreadDump message on port 4445
Tidying up ...    @ 2025 May 21 11:48:39 ART (1747838919218)
... end of run
