Created the tree successfully using /mnt/d/Universidad/recursos/taurus api/test/2025-05-21_11-57-13.218395/modified_requests.jmx
Starting standalone test @ 2025 May 21 11:57:17 ART (1747839437072)
Waiting for possible Shutdown/StopTestNow/HeapDump/ThreadDump message on port 4445
Command: Shutdown received from /127.0.0.1
Tidying up ...    @ 2025 May 21 11:57:27 ART (1747839447001)
... end of run
