Created the tree successfully using /mnt/d/Universidad/recursos/taurus api/test/2025-05-21_11-52-32.686859/modified_requests.jmx
Starting standalone test @ 2025 May 21 11:52:36 ART (1747839156407)
Waiting for possible Shutdown/StopTestNow/HeapDump/ThreadDump message on port 4445
Tidying up ...    @ 2025 May 21 11:52:39 ART (1747839159482)
... end of run
