Created the tree successfully using /mnt/d/Universidad/recursos/taurus api/test/2025-05-21_11-53-32.843882/modified_requests.jmx
Starting standalone test @ 2025 May 21 11:53:36 ART (1747839216932)
Waiting for possible Shutdown/StopTestNow/HeapDump/ThreadDump message on port 4445
Tidying up ...    @ 2025 May 21 11:54:38 ART (1747839278396)
... end of run
