Created the tree successfully using /tmp/artifacts/modified_requests-2.jmx
Starting standalone test @ 2025 May 18 21:57:28 UTC (1747605448666)
Waiting for possible Shutdown/StopTestNow/HeapDump/ThreadDump message on port 4445
Tidying up ...    @ 2025 May 18 21:57:42 UTC (1747605462494)
... end of run
