Created the tree successfully using /tmp/artifacts/modified_requests.jmx
Starting standalone test @ 2025 May 18 21:55:40 UTC (1747605340279)
Waiting for possible Shutdown/StopTestNow/HeapDump/ThreadDump message on port 4445
Tidying up ...    @ 2025 May 18 21:55:54 UTC (1747605354338)
... end of run
