Created the tree successfully using /tmp/artifacts/modified_requests-1.jmx
Starting standalone test @ 2025 May 18 21:55:58 UTC (1747605358226)
Waiting for possible Shutdown/StopTestNow/HeapDump/ThreadDump message on port 4445
Tidying up ...    @ 2025 May 18 21:56:12 UTC (1747605372159)
... end of run
