Created the tree successfully using /tmp/artifacts/modified_requests-3.jmx
Starting standalone test @ 2025 May 18 21:57:46 UTC (1747605466523)
Waiting for possible Shutdown/StopTestNow/HeapDump/ThreadDump message on port 4445
Tidying up ...    @ 2025 May 18 21:58:00 UTC (1747605480444)
... end of run
