Created the tree successfully using /mnt/d/Universidad/recursos/taurus api/test/2025-05-21_11-51-18.932471/modified_requests.jmx
Starting standalone test @ 2025 May 21 11:51:23 ART (1747839083014)
Waiting for possible Shutdown/StopTestNow/HeapDump/ThreadDump message on port 4445
Tidying up ...    @ 2025 May 21 11:51:26 ART (1747839086081)
... end of run
