Created the tree successfully using /mnt/d/Universidad/recursos/taurus api/test/2025-05-21_12-08-24.033708/modified_requests.jmx
Starting standalone test @ 2025 May 21 12:08:33 ART (1747840113744)
Waiting for possible Shutdown/StopTestNow/HeapDump/ThreadDump message on port 4445
Tidying up ...    @ 2025 May 21 12:08:53 ART (1747840133019)
... end of run
