Created the tree successfully using /mnt/d/Universidad/recursos/taurus api/test/2025-05-21_11-54-58.228770/modified_requests.jmx
Starting standalone test @ 2025 May 21 11:55:02 ART (1747839302126)
Waiting for possible Shutdown/StopTestNow/HeapDump/ThreadDump message on port 4445
Tidying up ...    @ 2025 May 21 11:55:21 ART (1747839321947)
... end of run
